2025-08-26 17:39:08,909 [INFO] Starting single CARLA server...
2025-08-26 17:39:08,909 [INFO] Cleaning up existing servers...
2025-08-26 17:39:13,960 [INFO] Starting server with command: python microservice_manager.py --num-services 1 --startup-delay 0
2025-08-26 17:39:13,961 [INFO] Waiting for server to be ready...
2025-08-26 17:39:15,973 [INFO] Server is ready!
2025-08-26 17:39:20,985 [INFO] Connected to server on port 8080
2025-08-26 17:39:20,985 [INFO] ============================================================
2025-08-26 17:39:20,985 [INFO] VISUAL SNAPSHOT/RESTORE TEST
2025-08-26 17:39:20,985 [INFO] ============================================================
2025-08-26 17:39:20,985 [INFO] 
=== Phase 0: Reset Environment ===
2025-08-26 17:39:20,985 [INFO] Resetting environment with route_id=0
2025-08-26 17:39:20,985 [INFO] Note: First reset may take 60-120 seconds to load CARLA world and scenarios...
2025-08-26 17:40:39,487 [INFO] Reset successful!
2025-08-26 17:40:39,487 [INFO] Environment reset complete
2025-08-26 17:40:39,592 [INFO] Saved image: snapshot_test_images/1_initial_50steps/step_000.png
2025-08-26 17:40:39,593 [INFO] Initial position: x=592.31, y=3910.66, z=371.27
2025-08-26 17:40:39,593 [INFO] 
=== Phase 1: Initial - Drive Straight for 50 Steps ===
2025-08-26 17:40:39,593 [INFO] Step 1/50: Driving straight (throttle=1.0, steer=0.0)
2025-08-26 17:40:40,021 [INFO] Saved image: snapshot_test_images/1_initial_50steps/step_001_t1.00_s0.00_b0.00.png
2025-08-26 17:40:40,021 [INFO]   Position: x=592.31, y=3910.66, z=371.28
2025-08-26 17:40:40,021 [INFO] Step 2/50: Driving straight (throttle=1.0, steer=0.0)
2025-08-26 17:40:40,540 [INFO] Saved image: snapshot_test_images/1_initial_50steps/step_002_t1.00_s0.00_b0.00.png
2025-08-26 17:40:40,540 [INFO]   Position: x=592.31, y=3910.66, z=371.29
2025-08-26 17:40:40,540 [INFO] Step 3/50: Driving straight (throttle=1.0, steer=0.0)
2025-08-26 17:40:40,851 [INFO] Saved image: snapshot_test_images/1_initial_50steps/step_003_t1.00_s0.00_b0.00.png
2025-08-26 17:40:40,851 [INFO]   Position: x=592.31, y=3910.66, z=371.29
2025-08-26 17:40:40,851 [INFO] Step 4/50: Driving straight (throttle=1.0, steer=0.0)
2025-08-26 17:40:41,175 [INFO] Saved image: snapshot_test_images/1_initial_50steps/step_004_t1.00_s0.00_b0.00.png
2025-08-26 17:40:41,175 [INFO]   Position: x=592.31, y=3910.66, z=371.29
2025-08-26 17:40:41,175 [INFO] Step 5/50: Driving straight (throttle=1.0, steer=0.0)
2025-08-26 17:40:41,495 [INFO] Saved image: snapshot_test_images/1_initial_50steps/step_005_t1.00_s0.00_b0.00.png
2025-08-26 17:40:41,495 [INFO]   Position: x=592.31, y=3910.66, z=371.30
2025-08-26 17:40:41,495 [INFO] Step 6/50: Driving straight (throttle=1.0, steer=0.0)
2025-08-26 17:40:41,806 [INFO] Saved image: snapshot_test_images/1_initial_50steps/step_006_t1.00_s0.00_b0.00.png
2025-08-26 17:40:41,806 [INFO]   Position: x=592.31, y=3910.66, z=371.30
2025-08-26 17:40:41,806 [INFO] Step 7/50: Driving straight (throttle=1.0, steer=0.0)
2025-08-26 17:40:42,121 [INFO] Saved image: snapshot_test_images/1_initial_50steps/step_007_t1.00_s0.00_b0.00.png
2025-08-26 17:40:42,121 [INFO]   Position: x=592.31, y=3910.66, z=371.30
2025-08-26 17:40:42,121 [INFO] Step 8/50: Driving straight (throttle=1.0, steer=0.0)
2025-08-26 17:40:42,439 [INFO] Saved image: snapshot_test_images/1_initial_50steps/step_008_t1.00_s0.00_b0.00.png
2025-08-26 17:40:42,440 [INFO]   Position: x=592.31, y=3910.66, z=371.30
2025-08-26 17:40:42,440 [INFO] Step 9/50: Driving straight (throttle=1.0, steer=0.0)
2025-08-26 17:40:42,758 [INFO] Saved image: snapshot_test_images/1_initial_50steps/step_009_t1.00_s0.00_b0.00.png
2025-08-26 17:40:42,758 [INFO]   Position: x=592.31, y=3910.66, z=371.30
2025-08-26 17:40:42,758 [INFO] Step 10/50: Driving straight (throttle=1.0, steer=0.0)
2025-08-26 17:40:43,079 [INFO] Saved image: snapshot_test_images/1_initial_50steps/step_010_t1.00_s0.00_b0.00.png
2025-08-26 17:40:43,080 [INFO]   Position: x=592.31, y=3910.66, z=371.30
2025-08-26 17:40:43,080 [INFO]   Progress: 10/50 steps complete
2025-08-26 17:40:43,080 [INFO] Step 11/50: Driving straight (throttle=1.0, steer=0.0)
2025-08-26 17:40:43,396 [INFO] Saved image: snapshot_test_images/1_initial_50steps/step_011_t1.00_s0.00_b0.00.png
2025-08-26 17:40:43,397 [INFO]   Position: x=592.31, y=3910.66, z=371.30
2025-08-26 17:40:43,397 [INFO] Step 12/50: Driving straight (throttle=1.0, steer=0.0)
2025-08-26 17:40:43,711 [INFO] Saved image: snapshot_test_images/1_initial_50steps/step_012_t1.00_s0.00_b0.00.png
2025-08-26 17:40:43,711 [INFO]   Position: x=592.29, y=3910.66, z=371.30
2025-08-26 17:40:43,711 [INFO] Step 13/50: Driving straight (throttle=1.0, steer=0.0)
2025-08-26 17:40:44,020 [INFO] Saved image: snapshot_test_images/1_initial_50steps/step_013_t1.00_s0.00_b0.00.png
2025-08-26 17:40:44,021 [INFO]   Position: x=592.26, y=3910.66, z=371.30
2025-08-26 17:40:44,021 [INFO] Step 14/50: Driving straight (throttle=1.0, steer=0.0)
2025-08-26 17:40:44,341 [INFO] Saved image: snapshot_test_images/1_initial_50steps/step_014_t1.00_s0.00_b0.00.png
2025-08-26 17:40:44,341 [INFO]   Position: x=592.21, y=3910.66, z=371.30
2025-08-26 17:40:44,341 [INFO] Step 15/50: Driving straight (throttle=1.0, steer=0.0)
2025-08-26 17:40:44,661 [INFO] Saved image: snapshot_test_images/1_initial_50steps/step_015_t1.00_s0.00_b0.00.png
2025-08-26 17:40:44,661 [INFO]   Position: x=592.15, y=3910.66, z=371.30
2025-08-26 17:40:44,661 [INFO] Step 16/50: Driving straight (throttle=1.0, steer=0.0)
2025-08-26 17:40:45,050 [INFO] Saved image: snapshot_test_images/1_initial_50steps/step_016_t1.00_s0.00_b0.00.png
2025-08-26 17:40:45,050 [INFO]   Position: x=592.08, y=3910.66, z=371.30
2025-08-26 17:40:45,051 [INFO] Step 17/50: Driving straight (throttle=1.0, steer=0.0)
2025-08-26 17:40:45,365 [INFO] Saved image: snapshot_test_images/1_initial_50steps/step_017_t1.00_s0.00_b0.00.png
2025-08-26 17:40:45,365 [INFO]   Position: x=592.00, y=3910.66, z=371.30
2025-08-26 17:40:45,365 [INFO] Step 18/50: Driving straight (throttle=1.0, steer=0.0)
2025-08-26 17:40:45,690 [INFO] Saved image: snapshot_test_images/1_initial_50steps/step_018_t1.00_s0.00_b0.00.png
2025-08-26 17:40:45,690 [INFO]   Position: x=591.90, y=3910.66, z=371.30
2025-08-26 17:40:45,690 [INFO] Step 19/50: Driving straight (throttle=1.0, steer=0.0)
2025-08-26 17:40:46,035 [INFO] Saved image: snapshot_test_images/1_initial_50steps/step_019_t1.00_s0.00_b0.00.png
2025-08-26 17:40:46,035 [INFO]   Position: x=591.79, y=3910.66, z=371.30
2025-08-26 17:40:46,035 [INFO] Step 20/50: Driving straight (throttle=1.0, steer=0.0)
2025-08-26 17:40:46,370 [INFO] Saved image: snapshot_test_images/1_initial_50steps/step_020_t1.00_s0.00_b0.00.png
2025-08-26 17:40:46,370 [INFO]   Position: x=591.66, y=3910.66, z=371.30
2025-08-26 17:40:46,370 [INFO]   Progress: 20/50 steps complete
2025-08-26 17:40:46,370 [INFO] Step 21/50: Driving straight (throttle=1.0, steer=0.0)
2025-08-26 17:40:46,690 [INFO] Saved image: snapshot_test_images/1_initial_50steps/step_021_t1.00_s0.00_b0.00.png
2025-08-26 17:40:46,690 [INFO]   Position: x=591.52, y=3910.66, z=371.30
2025-08-26 17:40:46,690 [INFO] Step 22/50: Driving straight (throttle=1.0, steer=0.0)
2025-08-26 17:40:47,013 [INFO] Saved image: snapshot_test_images/1_initial_50steps/step_022_t1.00_s0.00_b0.00.png
2025-08-26 17:40:47,013 [INFO]   Position: x=591.36, y=3910.66, z=371.30
2025-08-26 17:40:47,013 [INFO] Step 23/50: Driving straight (throttle=1.0, steer=0.0)
2025-08-26 17:40:47,339 [INFO] Saved image: snapshot_test_images/1_initial_50steps/step_023_t1.00_s0.00_b0.00.png
2025-08-26 17:40:47,339 [INFO]   Position: x=591.18, y=3910.66, z=371.30
2025-08-26 17:40:47,339 [INFO] Step 24/50: Driving straight (throttle=1.0, steer=0.0)
2025-08-26 17:40:47,667 [INFO] Saved image: snapshot_test_images/1_initial_50steps/step_024_t1.00_s0.00_b0.00.png
2025-08-26 17:40:47,667 [INFO]   Position: x=590.99, y=3910.66, z=371.30
2025-08-26 17:40:47,667 [INFO] Step 25/50: Driving straight (throttle=1.0, steer=0.0)
2025-08-26 17:40:47,978 [INFO] Saved image: snapshot_test_images/1_initial_50steps/step_025_t1.00_s0.00_b0.00.png
2025-08-26 17:40:47,978 [INFO]   Position: x=590.77, y=3910.66, z=371.30
2025-08-26 17:40:47,978 [INFO] Step 26/50: Driving straight (throttle=1.0, steer=0.0)
2025-08-26 17:40:48,297 [INFO] Saved image: snapshot_test_images/1_initial_50steps/step_026_t1.00_s0.00_b0.00.png
2025-08-26 17:40:48,297 [INFO]   Position: x=590.54, y=3910.66, z=371.30
2025-08-26 17:40:48,297 [INFO] Step 27/50: Driving straight (throttle=1.0, steer=0.0)
2025-08-26 17:40:48,617 [INFO] Saved image: snapshot_test_images/1_initial_50steps/step_027_t1.00_s0.00_b0.00.png
2025-08-26 17:40:48,617 [INFO]   Position: x=590.30, y=3910.67, z=371.30
2025-08-26 17:40:48,617 [INFO] Step 28/50: Driving straight (throttle=1.0, steer=0.0)
2025-08-26 17:40:48,930 [INFO] Saved image: snapshot_test_images/1_initial_50steps/step_028_t1.00_s0.00_b0.00.png
2025-08-26 17:40:48,930 [INFO]   Position: x=590.03, y=3910.67, z=371.30
2025-08-26 17:40:48,930 [INFO] Step 29/50: Driving straight (throttle=1.0, steer=0.0)
2025-08-26 17:40:49,267 [INFO] Saved image: snapshot_test_images/1_initial_50steps/step_029_t1.00_s0.00_b0.00.png
2025-08-26 17:40:49,267 [INFO]   Position: x=589.75, y=3910.67, z=371.30
2025-08-26 17:40:49,267 [INFO] Step 30/50: Driving straight (throttle=1.0, steer=0.0)
2025-08-26 17:40:49,587 [INFO] Saved image: snapshot_test_images/1_initial_50steps/step_030_t1.00_s0.00_b0.00.png
2025-08-26 17:40:49,587 [INFO]   Position: x=589.46, y=3910.67, z=371.30
2025-08-26 17:40:49,587 [INFO]   Progress: 30/50 steps complete
2025-08-26 17:40:49,587 [INFO] Step 31/50: Driving straight (throttle=1.0, steer=0.0)
2025-08-26 17:40:49,914 [INFO] Saved image: snapshot_test_images/1_initial_50steps/step_031_t1.00_s0.00_b0.00.png
2025-08-26 17:40:49,914 [INFO]   Position: x=589.18, y=3910.67, z=371.30
2025-08-26 17:40:49,914 [INFO] Step 32/50: Driving straight (throttle=1.0, steer=0.0)
2025-08-26 17:40:50,236 [INFO] Saved image: snapshot_test_images/1_initial_50steps/step_032_t1.00_s0.00_b0.00.png
2025-08-26 17:40:50,236 [INFO]   Position: x=588.89, y=3910.67, z=371.30
2025-08-26 17:40:50,236 [INFO] Step 33/50: Driving straight (throttle=1.0, steer=0.0)
2025-08-26 17:40:50,559 [INFO] Saved image: snapshot_test_images/1_initial_50steps/step_033_t1.00_s0.00_b0.00.png
2025-08-26 17:40:50,559 [INFO]   Position: x=588.58, y=3910.68, z=371.30
2025-08-26 17:40:50,559 [INFO] Step 34/50: Driving straight (throttle=1.0, steer=0.0)
2025-08-26 17:40:50,883 [INFO] Saved image: snapshot_test_images/1_initial_50steps/step_034_t1.00_s0.00_b0.00.png
2025-08-26 17:40:50,883 [INFO]   Position: x=588.24, y=3910.68, z=371.30
2025-08-26 17:40:50,883 [INFO] Step 35/50: Driving straight (throttle=1.0, steer=0.0)
2025-08-26 17:40:51,310 [INFO] Saved image: snapshot_test_images/1_initial_50steps/step_035_t1.00_s0.00_b0.00.png
2025-08-26 17:40:51,310 [INFO]   Position: x=587.87, y=3910.68, z=371.30
2025-08-26 17:40:51,310 [INFO] Step 36/50: Driving straight (throttle=1.0, steer=0.0)
2025-08-26 17:40:51,653 [INFO] Saved image: snapshot_test_images/1_initial_50steps/step_036_t1.00_s0.00_b0.00.png
2025-08-26 17:40:51,653 [INFO]   Position: x=587.48, y=3910.68, z=371.30
2025-08-26 17:40:51,653 [INFO] Step 37/50: Driving straight (throttle=1.0, steer=0.0)
2025-08-26 17:40:51,988 [INFO] Saved image: snapshot_test_images/1_initial_50steps/step_037_t1.00_s0.00_b0.00.png
2025-08-26 17:40:51,988 [INFO]   Position: x=587.07, y=3910.69, z=371.30
2025-08-26 17:40:51,988 [INFO] Step 38/50: Driving straight (throttle=1.0, steer=0.0)
2025-08-26 17:40:52,324 [INFO] Saved image: snapshot_test_images/1_initial_50steps/step_038_t1.00_s0.00_b0.00.png
2025-08-26 17:40:52,325 [INFO]   Position: x=586.65, y=3910.69, z=371.30
2025-08-26 17:40:52,325 [INFO] Step 39/50: Driving straight (throttle=1.0, steer=0.0)
2025-08-26 17:40:52,668 [INFO] Saved image: snapshot_test_images/1_initial_50steps/step_039_t1.00_s0.00_b0.00.png
2025-08-26 17:40:52,669 [INFO]   Position: x=586.20, y=3910.69, z=371.30
2025-08-26 17:40:52,669 [INFO] Step 40/50: Driving straight (throttle=1.0, steer=0.0)
2025-08-26 17:40:53,013 [INFO] Saved image: snapshot_test_images/1_initial_50steps/step_040_t1.00_s0.00_b0.00.png
2025-08-26 17:40:53,013 [INFO]   Position: x=585.74, y=3910.70, z=371.30
2025-08-26 17:40:53,013 [INFO]   Progress: 40/50 steps complete
2025-08-26 17:40:53,013 [INFO] Step 41/50: Driving straight (throttle=1.0, steer=0.0)
2025-08-26 17:40:53,364 [INFO] Saved image: snapshot_test_images/1_initial_50steps/step_041_t1.00_s0.00_b0.00.png
2025-08-26 17:40:53,365 [INFO]   Position: x=585.28, y=3910.70, z=371.30
2025-08-26 17:40:53,365 [INFO] Step 42/50: Driving straight (throttle=1.0, steer=0.0)
2025-08-26 17:40:53,711 [INFO] Saved image: snapshot_test_images/1_initial_50steps/step_042_t1.00_s0.00_b0.00.png
2025-08-26 17:40:53,711 [INFO]   Position: x=584.81, y=3910.70, z=371.30
2025-08-26 17:40:53,711 [INFO] Step 43/50: Driving straight (throttle=1.0, steer=0.0)
2025-08-26 17:40:54,075 [INFO] Saved image: snapshot_test_images/1_initial_50steps/step_043_t1.00_s0.00_b0.00.png
2025-08-26 17:40:54,076 [INFO]   Position: x=584.33, y=3910.70, z=371.30
2025-08-26 17:40:54,076 [INFO] Step 44/50: Driving straight (throttle=1.0, steer=0.0)
2025-08-26 17:40:54,439 [INFO] Saved image: snapshot_test_images/1_initial_50steps/step_044_t1.00_s0.00_b0.00.png
2025-08-26 17:40:54,440 [INFO]   Position: x=583.83, y=3910.71, z=371.30
2025-08-26 17:40:54,440 [INFO] Step 45/50: Driving straight (throttle=1.0, steer=0.0)
2025-08-26 17:40:54,786 [INFO] Saved image: snapshot_test_images/1_initial_50steps/step_045_t1.00_s0.00_b0.00.png
2025-08-26 17:40:54,786 [INFO]   Position: x=583.30, y=3910.71, z=371.30
2025-08-26 17:40:54,786 [INFO] Step 46/50: Driving straight (throttle=1.0, steer=0.0)
2025-08-26 17:40:55,205 [INFO] Saved image: snapshot_test_images/1_initial_50steps/step_046_t1.00_s0.00_b0.00.png
2025-08-26 17:40:55,205 [INFO]   Position: x=582.76, y=3910.72, z=371.30
2025-08-26 17:40:55,205 [INFO] Step 47/50: Driving straight (throttle=1.0, steer=0.0)
2025-08-26 17:40:55,564 [INFO] Saved image: snapshot_test_images/1_initial_50steps/step_047_t1.00_s0.00_b0.00.png
2025-08-26 17:40:55,564 [INFO]   Position: x=582.20, y=3910.72, z=371.30
2025-08-26 17:40:55,564 [INFO] Step 48/50: Driving straight (throttle=1.0, steer=0.0)
2025-08-26 17:40:55,908 [INFO] Saved image: snapshot_test_images/1_initial_50steps/step_048_t1.00_s0.00_b0.00.png
2025-08-26 17:40:55,908 [INFO]   Position: x=581.62, y=3910.72, z=371.30
2025-08-26 17:40:55,908 [INFO] Step 49/50: Driving straight (throttle=1.0, steer=0.0)
2025-08-26 17:40:56,274 [INFO] Saved image: snapshot_test_images/1_initial_50steps/step_049_t1.00_s0.00_b0.00.png
2025-08-26 17:40:56,274 [INFO]   Position: x=581.03, y=3910.73, z=371.30
2025-08-26 17:40:56,274 [INFO] Step 50/50: Driving straight (throttle=1.0, steer=0.0)
2025-08-26 17:40:56,632 [INFO] Saved image: snapshot_test_images/1_initial_50steps/step_050_t1.00_s0.00_b0.00.png
2025-08-26 17:40:56,632 [INFO]   Position: x=580.42, y=3910.73, z=371.30
2025-08-26 17:40:56,632 [INFO]   Progress: 50/50 steps complete
2025-08-26 17:40:56,632 [INFO] 
=== Creating Snapshot ===
2025-08-26 17:40:56,632 [INFO] BEFORE SAVE - Current ego position at step 50: x=580.42, y=3910.73, z=371.30
2025-08-26 17:40:56,632 [INFO] Saving snapshot: visual_test_snapshot
2025-08-26 17:40:56,664 [INFO] Snapshot saved successfully: {'snapshot_id': 'visual_test_snapshot', 'status': 'success', 'message': 'Snapshot saved: visual_test_snapshot', 'stats': {'vehicles': 13, 'pedestrians': 0, 'traffic_lights': 1101, 'has_scenario_manager': True, 'manager_tick': 51, 'manager_running': True, 'ego_vehicles': 1, 'other_actors': 0}}
2025-08-26 17:40:56,664 [INFO] Snapshot created: visual_test_snapshot
2025-08-26 17:40:56,664 [INFO] This is our branching point for GRPO
2025-08-26 17:40:56,664 [INFO] Snapshot saved at position x=580.42, y=3910.73
2025-08-26 17:40:56,665 [INFO] 
=== Phase 2: Continue - Drive Straight for 50 More Steps ===
2025-08-26 17:40:56,665 [INFO] Step 51/100: Continuing straight (throttle=1.0, steer=0.0)
2025-08-26 17:40:57,025 [INFO] Saved image: snapshot_test_images/2_continued_50steps/step_051_t1.00_s0.00_b0.00.png
2025-08-26 17:40:57,025 [INFO]   Position: x=579.80, y=3910.74, z=371.30
2025-08-26 17:40:57,025 [INFO] Step 52/100: Continuing straight (throttle=1.0, steer=0.0)
2025-08-26 17:40:57,449 [INFO] Saved image: snapshot_test_images/2_continued_50steps/step_052_t1.00_s0.00_b0.00.png
2025-08-26 17:40:57,449 [INFO]   Position: x=579.16, y=3910.74, z=371.30
2025-08-26 17:40:57,449 [INFO] Step 53/100: Continuing straight (throttle=1.0, steer=0.0)
2025-08-26 17:40:57,828 [INFO] Saved image: snapshot_test_images/2_continued_50steps/step_053_t1.00_s0.00_b0.00.png
2025-08-26 17:40:57,828 [INFO]   Position: x=578.51, y=3910.75, z=371.30
2025-08-26 17:40:57,828 [INFO] Step 54/100: Continuing straight (throttle=1.0, steer=0.0)
2025-08-26 17:40:58,193 [INFO] Saved image: snapshot_test_images/2_continued_50steps/step_054_t1.00_s0.00_b0.00.png
2025-08-26 17:40:58,193 [INFO]   Position: x=577.85, y=3910.75, z=371.30
2025-08-26 17:40:58,193 [INFO] Step 55/100: Continuing straight (throttle=1.0, steer=0.0)
2025-08-26 17:40:58,565 [INFO] Saved image: snapshot_test_images/2_continued_50steps/step_055_t1.00_s0.00_b0.00.png
2025-08-26 17:40:58,565 [INFO]   Position: x=577.17, y=3910.75, z=371.30
2025-08-26 17:40:58,565 [INFO] Step 56/100: Continuing straight (throttle=1.0, steer=0.0)
2025-08-26 17:40:58,935 [INFO] Saved image: snapshot_test_images/2_continued_50steps/step_056_t1.00_s0.00_b0.00.png
2025-08-26 17:40:58,935 [INFO]   Position: x=576.50, y=3910.76, z=371.30
2025-08-26 17:40:58,935 [INFO] Step 57/100: Continuing straight (throttle=1.0, steer=0.0)
2025-08-26 17:40:59,297 [INFO] Saved image: snapshot_test_images/2_continued_50steps/step_057_t1.00_s0.00_b0.00.png
2025-08-26 17:40:59,297 [INFO]   Position: x=575.82, y=3910.76, z=371.30
2025-08-26 17:40:59,297 [INFO] Step 58/100: Continuing straight (throttle=1.0, steer=0.0)
2025-08-26 17:40:59,672 [INFO] Saved image: snapshot_test_images/2_continued_50steps/step_058_t1.00_s0.00_b0.00.png
2025-08-26 17:40:59,672 [INFO]   Position: x=575.13, y=3910.77, z=371.30
2025-08-26 17:40:59,672 [INFO] Step 59/100: Continuing straight (throttle=1.0, steer=0.0)
